// Jest Snapshot v1, https://goo.gl/fbAQLP

exports[`Loader renders and matches snapshot 1`] = `
<div
  className="loader"
>
  <div
    className="loader__icon"
  >
    <i
      className="fas fa-spinner fa-pulse fa-4x fa-fw"
    />
  </div>
  <h3
    className="loader__text"
  >
    Loading...
  </h3>
</div>
`;
